Person
	Id = Guid
	Name = Call me Alex
	Height = 0
	Age = 19
