Person
	Id = Guid
	Name = Alex
	Height = 0
	Age = 19
