Person
	Id = Guid
	Name = Al
	Height = 0
	Age = 19
