Person
	Id = Guid
		Empty = !Cyclic_Reference!
	Name = Alex
	Height = 0
	Weight = 0
	Birthday = 01.01.0001 0:00:00
	RunRatio = 0
	Age = 19
	RunSpeed = 0
	Parent = null
