Person
	Id = Guid
		Empty = !Cyclic_Reference!
	Name = Alex
	Height = 35,5 hehe
	Weight = 83,3 hehe
	Birthday = 01.01.0001 0:00:00
	RunRatio = 0
	Age = 0
	RunSpeed = 0
	Parent = null
