Person
	Id = 00000000-0000-0000-0000-000000000000
	Name = Alex
	Height = 123haha
	Weight = 83,3
	Birthday = 01.01.0001 0:00:00
	RunRatio = 0
	Age = 0
	RunSpeed = 0
	Parent = null
