Person
	Id = Guid
		Empty = !Cyclic_Reference!
	Name = Alex
	Birthday = 01.01.0001 0:00:00
	RunRatio = 0
	Age = 0
	RunSpeed = 0
	Parent = null
