CyclicReference
	Ref = CyclicReference
		Ref = null
		ID = 1
	ID = 123
