LibraryRecords
	ActiveUsers = [
		Alex,
		Mary,
		Stan
		]
	ReadersVisits = [
		KeyValuePair`2
			Key = Alex
			Value = 1/1/0001 12:00:00 AM,
		KeyValuePair`2
			Key = Winona
			Value = 3/3/0003 12:00:00 AM
		]
	BooksCollection = [
		A,
		B,
		C,
		D,
		E
		]
