LibraryRecords
	ActiveUsers = [
		Alex,
		Mary,
		Stan
		]
	ReadersVisits = [
		KeyValuePair`2
			Key = Alex,
		KeyValuePair`2
			Key = Winona
		]
	BooksCollection = [
		A,
		B,
		C,
		D,
		E
		]
