Person
	Id = 00000000-0000-0000-0000-000000000000
	Name = Alex
	Height = 0
	Weight = 0
	Birthday = 01.01.0001 0:00:00
	RunRatio = 0
	Age = Old
	RunSpeed = 0
	Parent = null
